
=== 05-104ETCHK.log updated at 2025-11-05 21:47:05 for 05-104ETCHK.EHX ===
File Location: 

=== DIAGNOSTIC INFO ===
Junctions found: 1
Bundles found: 1
Total panels: 1
Panels assigned: 1
Panels unassigned: 0
Junction mappings: 2
Bundle layer mappings: {2: 'B2 (2x4 Gar)'}
========================

Panel: 05-104
Level: 1
Description: 1FW 2FD
Bundle: B2 (2x4 Gar)
Panel Details:
• Category: Exterior
• Load Bearing: YES
• Length: 129.875 (10'-9-7/8")
• Height: 121.75 (10'-1-3/4")
• Squaring: 14'-9"
• Thickness: 3.5
• Stud Spacing: 16
• Sheathing Layer 1: 1/4" 4x8 OSB
• Weight: 214 Lbs

Subcomponent Details:
• LType
   Materials:
    ├── D (1)
    ├── E (1)
• Critical Stud
   Materials:
    ├── F (3)
• Critical Stud
   Materials:
    ├── F (3)

Panel Material Breakdown:
-2x4 S - Tie Plate - 2x4 SPF PM No.2 - (1) - 4'-0-1/2"
A - BottomPlate - 2x4 SPF PM No.2 - (1) - 10'-10-7/8"
B - TopPlate - 2x4 SPF PM No.2 - (1) - 10'-10-7/8"
C - VeryTopPlate - 2x4 SPF PM No.2 - (1) - 8'-10-7/8"
D - Stud - 2x4 SPF No.2 - (8) - 9'-9-1/4"
E - FlatStud - 2x4 SPF No.2 - (1) - 9'-9-1/4"
F - CriticalStud - 2x4 SPF No.2 - (6) - 9'-9-1/4"
G - Sheathing - 1/4" 4x8 OSB - (1) - 1'-0" x 2'-11-0"
I - Bracing - Steel Bracing - (1) - 11'-2-7/8"
---
