
=== L0-B2B - Lot 01 - Arcadian End-004396.log updated at 2025-11-06 16:07:04 for L0-B2B - Lot 01 - Arcadian End-004396.EHX ===
File Location: C:/Users/edward/Downloads/EHX/Script/Test\et05-100wall

=== DIAGNOSTIC INFO ===
Junctions found: 0
Bundles found: 0
Total panels: 13
Panels assigned: 13
Panels unassigned: 0
Junction mappings: 0
Bundle layer mappings: {}
========================

Panel: 01_1
Level: 0
Description: 0FW 1FD
Bundle: B1(2x6Ext)
Panel Details:
• Category: Exterior
• Load Bearing: YES
• Length: 126.5 (10'-6-1/2")
• Height: 130.75 (10'-10-3/4")
• Squaring: 15'-7/8"
• Thickness: 5.5
• Stud Spacing: 16
• Weight: 408 Lbs
• Production Notes: Typar
• Warning: MultiBottom Plate Detected!

Subcomponent Details:
• Stud
   Materials:
    ├── D (4)
• Critical Stud
   Materials:
    ├── E (5)

Panel Material Breakdown:
-2x6 S - Tie Plate - 2x6 SPF PM No.2 - (1) - 4'-0"
A - BottomMultiPlate - 2x6 SPF PM No.2 - (2) - 10'-5-1/2"
B - TopPlate - 2x6 SPF PM No.2 - (1) - 10'-5-1/2"
C - VeryTopPlate - 2x6 SPF PM No.2 - (1) - 8'-5-1/2"
D - Stud - 2x6 SPF No.2 - (13) - 10'-4-3/4"
E - CriticalStud - 2x6 SPF No.2 - (5) - 10'-4-3/4"
F - EndPadding - 1" Rigid Padding - (1) - 10'-10-3/4"
---
Panel: 01_2
Level: 0
Description: 0FW 1FD
Bundle: B1(2x6Ext)
Panel Details:
• Category: Exterior
• Load Bearing: YES
• Length: 165.499 (13'-9-1/2")
• Height: 130.75 (10'-10-3/4")
• Squaring: 17'-6"
• Thickness: 5.5
• Stud Spacing: 16
• Sheathing Layer 1: 1" CB 4x8
• Weight: 552 Lbs
• Production Notes: Typar
• Warning: MultiBottom Plate Detected!

Subcomponent Details:
• Critical Stud
   Materials:
    ├── E (6)
• Critical Stud
   Materials:
    ├── E (5)
• Critical Stud
   Materials:
    ├── E (2)

Panel Material Breakdown:
A - BottomMultiPlate - 2x6 SPF PM No.2 - (2) - 13'-9-1/2"
B - TopPlate - 2x6 SPF PM No.2 - (1) - 13'-9-1/2"
C - VeryTopPlate - 2x6 SPF PM No.2 - (1) - 11'-9-1/2"
D - Stud - 2x6 SPF No.2 - (10) - 10'-4-3/4"
E - CriticalStud - 2x6 SPF No.2 - (13) - 10'-4-3/4"
F - Sheathing - 1" CB 4x8 - (1) - 8'-0" x 2'-0-1/2"
---
Panel: 01_3
Level: 0
Description: 0FW 1FD
Bundle: B1(2x6Ext)
Panel Details:
• Category: Exterior
• Load Bearing: NO
• Length: 107.375 (8'-11-3/8")
• Height: 103.625 (8'-7-5/8")
• Squaring: 12'-4-1/4"
• Thickness: 5.5
• Stud Spacing: 16
• Sheathing Layer 1: 1" CB 4x8
• Weight: 196 Lbs
• Production Notes: Typar
• Warning: MultiBottom Plate Detected!

Subcomponent Details:
• SubAssembly_631c4338
   Materials:
    ├── D (1)

Panel Material Breakdown:
A - BottomMultiPlate - 2x6 SPF PM No.2 - (2) - 8'-11-3/8"
B - TopPlate - 2x6 SPF PM No.2 - (1) - 8'-11-3/8"
C - Stud - 2x6 SPF No.2 - (9) - 8'-3-1/8"
D - Sheathing - 1" CB 4x8 - (1) - 8'-0" x 1'-7-7/8"
---
Panel: 01_4
Level: 0
Description: 0FW 1FD
Bundle: B1(2x6Ext)
Panel Details:
• Category: Exterior
• Load Bearing: YES
• Length: 17.5 (1'-5-1/2")
• Height: 130.75 (10'-10-3/4")
• Squaring: 10'-10-1/2"
• Thickness: 5.5
• Stud Spacing: 16
• Sheathing Layer 1: 1" CB 4x8
• Weight: 166 Lbs
• Production Notes: Typar
• Warning: MultiBottom Plate Detected!

Subcomponent Details:
• 3S LType
   Materials:
    ├── D (3)
    ├── E (1)
• LType
   Materials:
    ├── D (4)
    ├── E (1)

Panel Material Breakdown:
A - BottomMultiPlate - 2x6 SPF PM No.2 - (2) - 1'-5-1/2"
B - TopPlate - 2x6 SPF PM No.2 - (1) - 1'-5-1/2"
C - VeryTopPlate - 2x6 SPF PM No.2 - (1) - 0'-7-1/2"
D - Stud - 2x6 SPF No.2 - (7) - 10'-4-3/4"
E - FlatStud - 2x4 SPF No.2 - (2) - 10'-4-3/4"
F - Sheathing - 1" CB 4x8 - (1) - 8'-0" x 0'-11-5/8"
H - EndPadding - 1" Rigid Padding - (1) - 10'-9-1/4"
---
Panel: 01_5
Level: 0
Description: 0FW 1FD
Bundle: B1(2x6Ext)
Panel Details:
• Category: Exterior
• Load Bearing: YES
• Length: 52.5 (4'-4-1/2")
• Height: 130.75 (10'-10-3/4")
• Squaring: 11'-7-1/2"
• Thickness: 5.5
• Stud Spacing: 16
• Sheathing Layer 1: 1" CB 4x8
• Weight: 178 Lbs
• Production Notes: Typar
• Warning: MultiBottom Plate Detected!
• Rough Opening: DR-38x82-L2 - 82.625 (AFF: 82.625 (6'-10-5/8"))

Subcomponent Details:
• DR-38x82-L2
   Materials:
    ├── D (2)
    ├── DR-38x82-L2 (1)
    ├── E (2)
    ├── F (2)
    ├── G (1)
    ├── H (6)
    ├── O (1)

Panel Material Breakdown:
A - BottomMultiPlate - 2x6 SPF PM No.2 - (2) - 4'-4-1/2"
B - TopPlate - 2x6 SPF PM No.2 - (1) - 4'-4-1/2"
C - VeryTopPlate - 2x6 SPF PM No.2 - (1) - 4'-9-3/8"
D - KingStud - 2x6 SPF No.2 - (2) - 10'-4-3/4"
E - Trimmer - 2x6 SPF No.2 - (2) - 6'-9-1/8"
F - Header - 2x8 SPF No.2 - (2) - 3'-5-3/8"
G - HeaderSill - 2x6 SPF No.2 - (1) - 3'-2-3/8"
H - HeaderCripple - 2x6 SPF No.2 - (6) - 2'-10-7/8"
I - Stud - 2x6 SPF No.2 - (1) - 10'-4-3/4"
J - Sheathing - 1" CB 4x8 - (1) - 8'-0" x 0'-3-0"
O - HeaderCap - 2x6 SPF No.2 - (1) - 3'-5-3/8"
---
Panel: 01_12
Level: 0
Description: 0FW 1FD
Bundle: B1(2x6Ext)
Panel Details:
• Category: Interior
• Load Bearing: NO
• Length: 101.875 (8'-5-7/8")
• Height: 133.75 (11'-1-3/4")
• Squaring: 13'-11"
• Thickness: 5.5
• Stud Spacing: 16
• Weight: 374 Lbs
• Warning: MultiBottom Plate Detected!
• Rough Opening: 33x39 - 39 (AFF: 82.0 (6'-10"))
• Rough Opening: 33x39 - 39 (AFF: 82.0 (6'-10"))

Subcomponent Details:
• 33x39
   Materials:
    ├── 33x39 (1)
    ├── D (4)
    ├── E (1)
    ├── F (4)
    ├── G (2)
    ├── I (2)
    ├── J (1)
• 33x39
   Materials:
    ├── 33x39 (1)
    ├── D (4)
    ├── E (1)
    ├── F (4)
    ├── G (2)
    ├── I (2)
    ├── J (1)

Panel Material Breakdown:
A - BottomMultiPlate - 2x6 SPF PM No.2 - (2) - 8'-5-7/8"
B - TopPlate - 2x6 SPF PM No.2 - (1) - 8'-5-7/8"
C - VeryTopPlate - 2x6 SPF PM No.2 - (1) - 8'-5-7/8"
D - KingStud - 2x6 SPF No.2 - (8) - 10'-7-3/4"
E - WindowSill - 2x6 SPF No.2 - (2) - 2'-9-0"
F - SillCripple - 2x6 SPF No.2 - (8) - 3'-5-1/2"
G - HeaderCripple - 2x6 SPF No.2 - (4) - 3'-8-1/4"
H - Stud - 2x6 SPF No.2 - (2) - 10'-7-3/4"
I - FillerCripple - 2x6 SPF No.2 - (4) - 3'-8-1/4"
J - HeaderBtmNailer - 2x6 SPF No.2 - (2) - 2'-9-0"
---
Panel: 01_13
Level: 0
Description: 0FW 1FD
Bundle: B1(2x6Ext)
Panel Details:
• Category: Interior
• Load Bearing: NO
• Length: 15 (1'-3")
• Height: 130.75 (10'-10-3/4")
• Squaring: 10'-10-1/8"
• Thickness: 5.5
• Stud Spacing: 16
• Weight: 82 Lbs

Subcomponent Details:
• LType
   Materials:
    ├── D (1)
    ├── E (1)

Panel Material Breakdown:
A - BottomPlate - 2x6 SPF PM No.2 - (1) - 1'-2-7/8"
B - TopPlate - 2x6 SPF PM No.2 - (1) - 1'-2-7/8"
C - VeryTopPlate - 2x6 SPF PM No.2 - (1) - 1'-2-7/8"
D - Stud - 2x6 SPF No.2 - (3) - 10'-6-1/4"
E - FlatStud - 2x6 SPF No.2 - (1) - 10'-6-1/4"
---
Panel: 01_6
Level: 0
Description: 0FW 1FD
Bundle: B2(2x4Int)
Panel Details:
• Category: Interior
• Load Bearing: NO
• Length: 23.5 (1'-11-1/2")
• Height: 130.75 (10'-10-3/4")
• Squaring: 10'-11-3/8"
• Thickness: 3.5
• Stud Spacing: 16
• Weight: 86 Lbs

Subcomponent Details:
• LType
   Materials:
    ├── E (1)
    ├── G (1)
• LType
   Materials:
    ├── D (1)
    ├── F (1)

Panel Material Breakdown:
A - BottomPlate - 2x4 SPF PM No.2 - (1) - 1'-9-7/8"
B - TopPlate - 2x4 SPF PM No.2 - (1) - 1'-9-7/8"
C - VeryTopPlate - 2x4 SPF PM No.2 - (1) - 1'-9-7/8"
D - Stud - 2x4 SPF Stud - (1) - 10'-6-1/4"
E - Stud - 2x4 SPF No.2 - (3) - 10'-6-1/4"
F - FlatStud - 2x4 SPF Stud - (1) - 10'-6-1/4"
G - FlatStud - 2x6 SPF Stud - (1) - 10'-6-1/4"
---
Panel: 01_7
Level: 0
Description: 0FW 1FD
Bundle: B2(2x4Int)
Panel Details:
• Category: Interior
• Load Bearing: NO
• Length: 68 (5'-8")
• Height: 130.75 (10'-10-3/4")
• Squaring: 12'-2"
• Thickness: 3.5
• Stud Spacing: 16
• Weight: 134 Lbs

Subcomponent Details:
• Lad2Stud
   Materials:
    ├── D (4)
    ├── E (5)
• End Stud Assembly
   Materials:
    ├── D (1)
    ├── F (1)

Panel Material Breakdown:
A - BottomPlate - 2x4 SPF PM No.2 - (1) - 5'-7-3/8"
B - TopPlate - 2x4 SPF PM No.2 - (1) - 5'-7-3/8"
C - VeryTopPlate - 2x4 SPF PM No.2 - (1) - 5'-7-3/8"
D - Stud - 2x4 SPF No.2 - (8) - 10'-6-1/4"
E - Rung - 2x4 SPF Stud - (5) - 1'-2-1/2"
F - EndPadding - 5/8" 2x4 Padding - (1) - 10'-10-3/4" x 0'-3-1/2"
---
Panel: 01_8
Level: 0
Description: 0FW 1FD
Bundle: B2(2x4Int)
Panel Details:
• Category: Interior
• Load Bearing: NO
• Length: 8.999 (9")
• Height: 130.75 (10'-10-3/4")
• Squaring: 10'-9-1/2"
• Thickness: 3.5
• Stud Spacing: 16
• Weight: 38 Lbs

Subcomponent Details:
• LType
   Materials:
    ├── D (1)
    ├── E (1)

Panel Material Breakdown:
A - BottomPlate - 2x4 SPF PM No.2 - (1) - 0'-7-1/2"
B - TopPlate - 2x4 SPF PM No.2 - (1) - 0'-7-1/2"
C - VeryTopPlate - 2x4 SPF PM No.2 - (1) - 0'-7-1/2"
D - Stud - 2x4 SPF No.2 - (2) - 10'-6-1/4"
E - FlatStud - 2x4 SPF No.2 - (1) - 10'-6-1/4"
---
Panel: 01_9
Level: 0
Description: 0FW 1FD
Bundle: B2(2x4Int)
Panel Details:
• Category: Interior
• Load Bearing: NO
• Length: 36 (3')
• Height: 130.75 (10'-10-3/4")
• Squaring: 11'-2-1/4"
• Thickness: 3.5
• Stud Spacing: 16
• Weight: 78 Lbs
• Rough Opening: DR304 - 82.999 (AFF: 82.999 (6'-11"))

Subcomponent Details:
• DR304
   Materials:
    ├── D (2)
    ├── DR304 (1)
    ├── E (2)
    ├── H (2)
    ├── I (1)

Panel Material Breakdown:
A - BottomPlate - 2x4 SPF PM No.2 - (1) - 3'-3-3/8"
B - TopPlate - 2x4 SPF PM No.2 - (1) - 3'-3-3/8"
C - VeryTopPlate - 2x4 SPF PM No.2 - (1) - 3'-3-3/16"
D - KingStud - 2x4 SPF No.2 - (1) - 10'-6-1/4"
D - KingStud - 2x4 SPF No.2 - (1) - 10'-6-1/4"
E - HeaderCripple - 2x4 SPF No.2 - (1) - 3'-7-1/4"
E - HeaderCripple - 2x4 SPF No.2 - (1) - 3'-7-1/4"
F - Stud - 2x4 SPF No.2 - (1) - 10'-6-1/4"
G - EndPadding - 5/8" 2x4 Padding - (1) - 10'-10-3/4" x 0'-3-1/2"
H - FillerCripple - 2x4 SPF No.2 - (1) - 3'-7-1/4"
H - FillerCripple - 2x4 SPF No.2 - (1) - 3'-7-1/4"
I - HeaderBtmNailer - 2x4 SPF No.2 - (1) - 2'-10-1/2"
---
Panel: 01_10
Level: 0
Description: 0FW 1FD
Bundle: B2(2x4Int)
Panel Details:
• Category: Interior
• Load Bearing: NO
• Length: 61.5 (5'-1-1/2")
• Height: 128.5 (10'-8-1/2")
• Squaring: 11'-9-1/8"
• Thickness: 3.5
• Stud Spacing: 16
• Weight: 134 Lbs
• Rough Opening: DR202 - 82.999 (AFF: 82.999 (6'-11"))

Subcomponent Details:
• End Stud Assembly
   Materials:
    ├── F (1)
    ├── J (1)
• DR202
   Materials:
    ├── D (4)
    ├── DR202 (1)
    ├── E (2)
    ├── H (3)
    ├── I (1)
• End Stud Assembly
   Materials:
    ├── F (1)
    ├── G (1)

Panel Material Breakdown:
A - BottomPlate - 2x4 SPF PM No.2 - (1) - 4'-11-5/8"
B - TopPlate - 2x4 SPF PM No.2 - (1) - 4'-11-5/8"
C - VeryTopPlate - 2x4 SPF PM No.2 - (1) - 4'-11-5/8"
D - KingStud - 2x4 SPF No.2 - (4) - 10'-4"
E - HeaderCripple - 2x4 SPF No.2 - (2) - 3'-5-0"
F - Stud - 2x4 SPF No.2 - (2) - 10'-4"
G - EndPadding - 5/8" 2x4 Padding 2 Ply - (1) - 10'-8-1/2" x 0'-3-1/2"
H - FillerCripple - 2x4 SPF No.2 - (3) - 3'-5-0"
I - HeaderBtmNailer - 2x4 SPF No.2 - (1) - 4'-2-1/2"
J - EndPadding - 5/8" 2x4 Padding - (1) - 10'-8-1/2" x 0'-3-1/2"
---
Panel: 01_11
Level: 0
Description: 0FW 1FD
Bundle: B2(2x4Int)
Panel Details:
• Category: Interior
• Load Bearing: NO
• Length: 146 (12'-2")
• Height: 130.75 (10'-10-3/4")
• Squaring: 16'-3"
• Thickness: 3.5
• Stud Spacing: 16
• Weight: 254 Lbs
• Rough Opening: DR102 - 81 (AFF: 81.0 (6'-9"))

Subcomponent Details:
• End Stud Assembly
   Materials:
    ├── F (3)
• DR102
   Materials:
    ├── D (4)
    ├── DR102 (1)
    ├── E (2)
    ├── H (1)
    ├── I (2)
• LType
   Materials:
    ├── F (2)
    ├── G (1)

Panel Material Breakdown:
A - BottomPlate - 2x4 SPF PM No.2 - (1) - 12'-2"
B - TopPlate - 2x4 SPF PM No.2 - (1) - 12'-2"
C - VeryTopPlate - 2x4 SPF PM No.2 - (1) - 12'-2"
D - KingStud - 2x4 SPF No.2 - (4) - 10'-6-1/4"
E - HeaderCripple - 2x4 SPF No.2 - (2) - 3'-7-3/4"
F - Stud - 2x4 SPF No.2 - (11) - 10'-6-1/4"
G - FlatStud - 2x4 SPF No.2 - (1) - 10'-6-1/4"
H - FillerCripple - 2x4 SPF No.2 - (1) - 3'-7-3/4"
I - HeaderBtmNailer - 2x4 SPF No.2 - (2) - 2'-10-0"
---
