
=== xx.log updated at 2025-11-07 21:29:58 for xx.EHX ===
File Location: C:/Users/edward/Downloads/EHX/Script/Test

=== DIAGNOSTIC INFO ===
Junctions found: 0
Bundles found: 0
Total panels: 1
Panels assigned: 0
Panels unassigned: 1
Junction mappings: 0
Bundle layer mappings: {}
========================


⚠️  WARNING: 1 panel(s) not assigned to any bundle:
   • 00_51 (Level: 1)

Panel: 00_51
Level: 1
Description: 1FW 2nd Floor Deck
Bundle: NoB_Ext1FW 2nd Floor Deck
Panel Details:
• Category: Exterior
• Load Bearing: YES
• Length: 137.5 (11'-5-1/2")
• Height: 147.5 (12'-3-1/2")
• Squaring: 16'-8-1/2"
• Thickness: 5.5
• Stud Spacing: 16
• Weight: 336 Lbs

Subcomponent Details:
• Critical Stud
   Materials:
    ├── E (3)

Panel Material Breakdown:
A - BottomPlate - 2x6 SPF PM No.2 - (1) - 11'-5-1/2"
B - TopPlate - 2x6 SPF PM No.2 - (1) - 11'-5-1/2"
C - VeryTopPlate - 2x6 SPF PM No.2 - (1) - 11'-5-1/2"
D - Stud - 2x6 SPF Stud - (9) - 11'-9-1/2"
E - CriticalStud - 2x6 SPF Stud - (3) - 11'-9-1/2"
---
